
> emprestimorai@1.0.0 npx
> jest --no-coverage --verbose

node.exe : PASS __tests__/api/vehicles.test.ts
No linha:1 caractere:1
+ & "C:\Program Files\nodejs/node.exe" "C:\Users\Rafael\AppData\Roaming ...
+ ~~~~~~~~~~~~~~~~~~~~~~~~~~~~~~~~~~~~~~~~~~~~~~~~~~~~~~~~~~~~~~~~~~~~~
    + CategoryInfo          : NotSpecified: (PASS __tests__/api/vehicles.test. 
   ts:String) [], RemoteException
    + FullyQualifiedErrorId : NativeCommandError
 
  GET /api/vehicles
    ÔêÜ returns 401 when not authenticated (29 ms)
    ÔêÜ returns vehicles for authenticated user (5 ms)
  POST /api/vehicles
    ÔêÜ returns 401 when not authenticated (4 ms)
    ÔêÜ creates a vehicle with valid data (6 ms)
    ÔêÜ returns 400 for missing brand (6 ms)

PASS __tests__/api/loans.test.ts
  GET /api/loans
    ÔêÜ returns 401 when not authenticated (15 ms)
    ÔêÜ returns loans for authenticated user (5 ms)
    ÔêÜ queries with correct userId (5 ms)
  POST /api/loans
    ÔêÜ returns 401 when not authenticated (6 ms)
    ÔêÜ creates a loan with valid data (14 ms)
    ÔêÜ returns 400 for invalid data (5 ms)

PASS __tests__/api/payments.test.ts
  POST /api/payments
    ÔêÜ returns 401 when not authenticated (32 ms)
    ÔêÜ returns 400 for missing required fields (8 ms)
    ÔêÜ creates a payment with valid data (7 ms)
    ÔêÜ updates installment when installmentId is provided (3 ms)

PASS __tests__/api/register.test.ts
  POST /api/register
    ÔêÜ creates a new user (29 ms)
    ÔêÜ rejects duplicate email (4 ms)
    ÔêÜ returns 400 for invalid data (3 ms)
    ÔêÜ hashes the password (7 ms)

PASS __tests__/api/employees.test.ts
  GET /api/employees
    ÔêÜ returns 401 when not authenticated (19 ms)
    ÔêÜ returns employees for authenticated user (5 ms)
  POST /api/employees
    ÔêÜ returns 401 when not authenticated (4 ms)
    ÔêÜ creates an employee with valid data (5 ms)
    ÔêÜ returns 400 for invalid email (6 ms)

PASS __tests__/api/clients.test.ts
  GET /api/clients
    ÔêÜ returns 401 when not authenticated (36 ms)
    ÔêÜ returns clients for authenticated user (3 ms)
    ÔêÜ queries with correct userId (5 ms)
  POST /api/clients
    ÔêÜ returns 401 when not authenticated (3 ms)
    ÔêÜ creates a client with valid data (10 ms)
    ÔêÜ returns 400 for invalid data (short name) (4 ms)

PASS __tests__/api/dashboard.test.ts
  GET /api/dashboard
    ÔêÜ returns 401 when not authenticated (18 ms)
    ÔêÜ returns dashboard stats (44 ms)

PASS __tests__/api/sales.test.ts
  GET /api/sales
    ÔêÜ returns 401 when not authenticated (15 ms)
    ÔêÜ returns sales for authenticated user (4 ms)
  POST /api/sales
    ÔêÜ returns 401 when not authenticated (4 ms)
    ÔêÜ creates a sale with valid data (7 ms)
    ÔêÜ returns 400 for invalid data (8 ms)

PASS __tests__/api/expenses.test.ts
  GET /api/expenses
    ÔêÜ returns 401 when not authenticated (11 ms)
    ÔêÜ returns expenses for authenticated user (4 ms)
  POST /api/expenses
    ÔêÜ returns 401 when not authenticated (4 ms)
    ÔêÜ creates an expense with valid data (6 ms)
    ÔêÜ returns 400 for missing description (4 ms)
    ÔêÜ returns 400 for amount = 0 (4 ms)
    ÔêÜ accepts optional fields (supplier, pixKey, accountType) (3 ms)

PASS __tests__/api/templates.test.ts
  GET /api/templates
    ÔêÜ returns 401 when not authenticated (18 ms)
    ÔêÜ returns templates for authenticated user (5 ms)
  POST /api/templates
    ÔêÜ returns 401 when not authenticated (4 ms)
    ÔêÜ creates a template with valid data (5 ms)
    ÔêÜ returns 400 for short name (3 ms)
    ÔêÜ returns 400 for short content (4 ms)

PASS __tests__/api/profile.test.ts
  GET /api/profile
    ÔêÜ returns 401 when not authenticated (2 ms)
    ÔêÜ returns user profile for authenticated user (2 ms)
  PUT /api/profile
    ÔêÜ returns 401 when not authenticated (2 ms)
    ÔêÜ updates user profile (2 ms)
    ÔêÜ updates with correct user id (1 ms)

PASS __tests__/lib/utils.test.ts
  cn()
    ÔêÜ merges simple class names (9 ms)
    ÔêÜ deduplicates conflicting Tailwind classes (1 ms)
    ÔêÜ handles undefined/null/false values (1 ms)
  formatCurrency()
    ÔêÜ formats integer value in BRL (21 ms)
    ÔêÜ formats decimal value (1 ms)
    ÔêÜ formats zero (1 ms)
    ÔêÜ formats negative values
  formatDate()
    ÔêÜ formats Date object to pt-BR (6 ms)
    ÔêÜ formats ISO string (1 ms)
  getInitials()
    ÔêÜ returns first two initials (1 ms)
    ÔêÜ handles single name (1 ms)
    ÔêÜ returns max 2 characters for long names
    ÔêÜ handles uppercase correctly
  calculateScore()
    ÔêÜ increases score with on-time payments (1 ms)
    ÔêÜ decreases score with late payments
    ÔêÜ never goes below 0
    ÔêÜ never exceeds 1000 (1 ms)
    ÔêÜ returns rounded integer
  calculateLoan()
    ÔêÜ rounds values to 2 decimal places (1 ms)
    PER_INSTALLMENT interest type
      ÔêÜ calculates correctly for 10% per installment over 5 months (13 ms)
      ÔêÜ handles zero interest
    TOTAL interest type
      ÔêÜ calculates total interest correctly
    FIXED_AMOUNT interest type
      ÔêÜ uses the fixed amount as total interest (1 ms)
  generateInstallmentDates()
    ÔêÜ generates correct number of dates (1 ms)
    ÔêÜ generates monthly dates
    ÔêÜ generates biweekly dates (15 day intervals)
    ÔêÜ generates weekly dates (7 day intervals)
    ÔêÜ generates daily dates (1 ms)
    ÔêÜ skips Saturday when configured
    ÔêÜ skips Sunday when configured

PASS __tests__/lib/validations.test.ts
  clientSchema
    ÔêÜ validates a minimal valid client (2 ms)
    ÔêÜ rejects name shorter than 2 chars
    ÔêÜ accepts empty email (1 ms)
    ÔêÜ rejects invalid email
    ÔêÜ accepts valid email
    ÔêÜ applies defaults correctly (1 ms)
    ÔêÜ validates status enum (1 ms)
    ÔêÜ accepts full client data (1 ms)
  loanSchema
    ÔêÜ validates a valid loan (1 ms)
    ÔêÜ applies defaults (1 ms)
    ÔêÜ rejects empty clientId (1 ms)
    ÔêÜ rejects amount = 0
    ÔêÜ rejects negative interest rate (1 ms)
    ÔêÜ rejects installmentCount = 0 (1 ms)
    ÔêÜ rejects missing contractDate
    ÔêÜ validates all interest types (10 ms)
    ÔêÜ validates all modalities (1 ms)
  paymentSchema
    ÔêÜ validates a valid payment
    ÔêÜ rejects amount = 0 (1 ms)
    ÔêÜ rejects missing loanId
    ÔêÜ rejects missing date (1 ms)
  saleSchema
    ÔêÜ validates a valid sale
    ÔêÜ rejects short description (1 ms)
    ÔêÜ rejects zero totalAmount
    ÔêÜ rejects zero installmentCount (1 ms)
  vehicleSchema
    ÔêÜ validates a valid vehicle
    ÔêÜ rejects missing brand (1 ms)
    ÔêÜ rejects year before 1900
    ÔêÜ rejects negative purchasePrice (1 ms)
    ÔêÜ applies defaults
    ÔêÜ accepts full vehicle with buyer data (1 ms)
  expenseSchema
    ÔêÜ validates a valid expense
    ÔêÜ rejects short description (1 ms)
    ÔêÜ rejects amount = 0 (1 ms)
    ÔêÜ rejects missing category
    ÔêÜ rejects missing dueDate (1 ms)
    ÔêÜ applies defaults
    ÔêÜ accepts optional fields (1 ms)
  employeeSchema
    ÔêÜ validates a valid employee (1 ms)
    ÔêÜ rejects invalid email
    ÔêÜ rejects short name (1 ms)
    ÔêÜ validates role enum
    ÔêÜ applies default role (1 ms)
  templateSchema
    ÔêÜ validates a valid template (1 ms)
    ÔêÜ rejects short name
    ÔêÜ rejects short content (1 ms)
    ÔêÜ validates type enum (1 ms)
    ÔêÜ applies default type
  registerSchema
    ÔêÜ validates valid registration (1 ms)
    ÔêÜ rejects short password
    ÔêÜ rejects invalid email (1 ms)
    ÔêÜ rejects short name
  loginSchema
    ÔêÜ validates valid login
    ÔêÜ rejects invalid email (1 ms)
    ÔêÜ rejects empty password

PASS __tests__/pages/pages.test.tsx
  LoginPage
    ÔêÜ renders without crashing (48 ms)
    ÔêÜ shows app name and entry form (15 ms)
    ÔêÜ shows validation errors for empty submission (170 ms)
  RegisterPage
    ÔêÜ renders without crashing (17 ms)
    ÔêÜ shows registration fields (20 ms)
  DashboardPage
    ÔêÜ renders and fetches data (4 ms)
  ClientesPage
    ÔêÜ renders and calls API (30 ms)
  EmprestimosPage
    ÔêÜ renders and calls API (38 ms)
  VendasPage
    ÔêÜ renders and calls API (20 ms)
  VeiculosPage
    ÔêÜ renders and calls API (15 ms)
  ContasPage
    ÔêÜ renders and calls API (29 ms)
  ScorePage
    ÔêÜ renders and calls API (20 ms)
  SimuladorPage
    ÔêÜ renders without crashing (21 ms)
  ConfiguracoesPage
    ÔêÜ renders and calls API (39 ms)
  CalendarioPage
    ÔêÜ renders and calls API (23 ms)

Test Suites: 14 passed, 14 total
Tests:       155 passed, 155 total
Snapshots:   0 total
Time:        2.691 s
Ran all test suites.
